<?xml version="1.0" encoding="UTF-8"?>
<TestRun id="a530906e-81ce-4869-b59c-40550040dbf2" name="Mant@MANT01 2015-04-14 20:20:43" runUser="MANT01\Mant" xmlns="http://microsoft.com/schemas/VisualStudio/TeamTest/2010">
  <TestSettings name="Параметры тестирования по умолчанию" id="a5042c3f-9dcf-46c5-854b-4354ad020920">
    <Deployment runDeploymentRoot="Mant_MANT01 2015-04-14 20_20_43">
      <DeploymentItem filename="C:\Users\Mant\Documents\GitHub\TestoChaVpf\SrcChess2\bin\Debug\SrcChess2.exe" />
    </Deployment>
    <Execution>
      <TestTypeSpecific />
      <AgentRule name="Execution Agents">
      </AgentRule>
    </Execution>
  </TestSettings>
  <Times creation="2015-04-14T20:20:43.3270856+03:00" queuing="2015-04-14T20:20:44.3417340+03:00" start="2015-04-14T20:20:44.4872418+03:00" finish="2015-04-14T20:24:15.8144877+03:00" />
  <ResultSummary outcome="Completed">
    <Counters total="1" executed="1" passed="1" error="0" failed="0" timeout="0" aborted="0" inconclusive="0" passedButRunAborted="0" notRunnable="0" notExecuted="0" disconnected="0" warning="0" completed="0" inProgress="0" pending="0" />
  </ResultSummary>
  <TestDefinitions>
    <UnitTest name="LoadBoardTest" storage="c:\users\mant\documents\github\testochavpf\testomy\bin\debug\testomy.dll" id="974e93c6-c691-f6e4-84a6-0f037f978abc">
      <Execution id="31f03115-cad4-443f-8e3f-586dad1c3ef6" />
      <TestMethod codeBase="C:/Users/Mant/Documents/GitHub/TestoChaVpf/TestoMy/bin/Debug/TestoMy.DLL" adapterTypeName="Microsoft.VisualStudio.TestTools.TestTypes.Unit.UnitTestAdapter, Microsoft.VisualStudio.QualityTools.Tips.UnitTest.Adapter, Version=10.0.0.0, Culture=neutral, PublicKeyToken=b03f5f7f11d50a3a" className="TestoMy.ChessBoardTest, TestoMy, Version=1.0.0.0, Culture=neutral, PublicKeyToken=null" name="LoadBoardTest" />
    </UnitTest>
  </TestDefinitions>
  <TestLists>
    <TestList name="Отсутствующие в списке результаты" id="8c84fa94-04c1-424b-9868-57a2d4851a1d" />
    <TestList name="Все загруженные результаты" id="19431567-8539-422a-85d7-44ee4e166bda" />
  </TestLists>
  <TestEntries>
    <TestEntry testId="974e93c6-c691-f6e4-84a6-0f037f978abc" executionId="31f03115-cad4-443f-8e3f-586dad1c3ef6" testListId="8c84fa94-04c1-424b-9868-57a2d4851a1d" />
  </TestEntries>
  <Results>
    <UnitTestResult executionId="31f03115-cad4-443f-8e3f-586dad1c3ef6" testId="974e93c6-c691-f6e4-84a6-0f037f978abc" testName="LoadBoardTest" computerName="MANT01" duration="00:03:30.2921930" startTime="2015-04-14T20:20:44.5653668+03:00" endTime="2015-04-14T20:24:15.6239309+03:00" testType="13cdc9d9-ddb5-4fa4-a97d-d965ccfc6d4b" outcome="Passed" testListId="8c84fa94-04c1-424b-9868-57a2d4851a1d" relativeResultsDirectory="31f03115-cad4-443f-8e3f-586dad1c3ef6">
    </UnitTestResult>
  </Results>
</TestRun>